// Jest Snapshot v1, https://goo.gl/fbAQLP

exports[`styles should create ast tree of style object from style string 1`] = `
Node {
  "comments": Array [],
  "end": 118,
  "loc": SourceLocation {
    "end": Position {
      "column": 118,
      "line": 1,
    },
    "start": Position {
      "column": 0,
      "line": 1,
    },
  },
  "properties": Array [
    Node {
      "computed": false,
      "end": 57,
      "key": Node {
        "end": 18,
        "extra": Object {
          "raw": "\\"backgroundImage\\"",
          "rawValue": "backgroundImage",
        },
        "loc": SourceLocation {
          "end": Position {
            "column": 18,
            "line": 1,
          },
          "start": Position {
            "column": 1,
            "line": 1,
          },
        },
        "start": 1,
        "type": "StringLiteral",
        "value": "backgroundImage",
      },
      "loc": SourceLocation {
        "end": Position {
          "column": 57,
          "line": 1,
        },
        "start": Position {
          "column": 1,
          "line": 1,
        },
      },
      "method": false,
      "shorthand": false,
      "start": 1,
      "type": "ObjectProperty",
      "value": Node {
        "end": 57,
        "extra": Object {
          "raw": "\\"url('https://example.com/image.png')\\"",
          "rawValue": "url('https://example.com/image.png')",
        },
        "loc": SourceLocation {
          "end": Position {
            "column": 57,
            "line": 1,
          },
          "start": Position {
            "column": 19,
            "line": 1,
          },
        },
        "start": 19,
        "type": "StringLiteral",
        "value": "url('https://example.com/image.png')",
      },
    },
    Node {
      "computed": false,
      "end": 77,
      "key": Node {
        "end": 70,
        "extra": Object {
          "raw": "\\"marginLeft\\"",
          "rawValue": "marginLeft",
        },
        "loc": SourceLocation {
          "end": Position {
            "column": 70,
            "line": 1,
          },
          "start": Position {
            "column": 58,
            "line": 1,
          },
        },
        "start": 58,
        "type": "StringLiteral",
        "value": "marginLeft",
      },
      "loc": SourceLocation {
        "end": Position {
          "column": 77,
          "line": 1,
        },
        "start": Position {
          "column": 58,
          "line": 1,
        },
      },
      "method": false,
      "shorthand": false,
      "start": 58,
      "type": "ObjectProperty",
      "value": Node {
        "end": 77,
        "extra": Object {
          "raw": "\\"10px\\"",
          "rawValue": "10px",
        },
        "loc": SourceLocation {
          "end": Position {
            "column": 77,
            "line": 1,
          },
          "start": Position {
            "column": 71,
            "line": 1,
          },
        },
        "start": 71,
        "type": "StringLiteral",
        "value": "10px",
      },
    },
    Node {
      "computed": false,
      "end": 117,
      "key": Node {
        "end": 95,
        "extra": Object {
          "raw": "\\"WebitTransition\\"",
          "rawValue": "WebitTransition",
        },
        "loc": SourceLocation {
          "end": Position {
            "column": 95,
            "line": 1,
          },
          "start": Position {
            "column": 78,
            "line": 1,
          },
        },
        "start": 78,
        "type": "StringLiteral",
        "value": "WebitTransition",
      },
      "loc": SourceLocation {
        "end": Position {
          "column": 117,
          "line": 1,
        },
        "start": Position {
          "column": 78,
          "line": 1,
        },
      },
      "method": false,
      "shorthand": false,
      "start": 78,
      "type": "ObjectProperty",
      "value": Node {
        "end": 117,
        "extra": Object {
          "raw": "\\"opacity 1s ease-out\\"",
          "rawValue": "opacity 1s ease-out",
        },
        "loc": SourceLocation {
          "end": Position {
            "column": 117,
            "line": 1,
          },
          "start": Position {
            "column": 96,
            "line": 1,
          },
        },
        "start": 96,
        "type": "StringLiteral",
        "value": "opacity 1s ease-out",
      },
    },
  ],
  "start": 0,
  "type": "ObjectExpression",
}
`;
